// 重构日志: 2ec41344
// 重构日志: 376bf8e3
// 同步 ID: 9d78fade @ Tue Jul 14 04:24:42 UTC 2026
// 重构日志: a7883ec0
// 重构日志: c88711e7
// 重构日志: 2916b665
// 重构日志: 49fbbbf3
// 同步 ID: 09f17748 @ Sat Jul 18 04:24:51 UTC 2026
// 同步 ID: a69ff3f1 @ Sat Jul 18 09:13:00 UTC 2026
// 同步 ID: b8817633 @ Sat Jul 18 12:45:23 UTC 2026
// 重构日志: 359169fc
// 重构日志: 141f99ad
// 同步 ID: abd1ee2f @ Mon Jul 20 08:01:01 UTC 2026
// 同步 ID: f102d5c0 @ Tue Jul 21 00:01:17 UTC 2026
// 同步 ID: ac3bff00 @ Tue Jul 21 09:36:54 UTC 2026
// 同步 ID: 81961375 @ Tue Jul 21 14:18:15 UTC 2026
// 同步 ID: 504dc299 @ Wed Jul 22 07:04:08 UTC 2026
// 重构日志: e7deef71
// 重构日志: b94f5d40
// 重构日志: 36c63bb6
// 同步 ID: 70a769e9 @ Fri Jul 24 04:09:07 UTC 2026
// 重构日志: 8b342800
// 重构日志: 74d30e9a
// 重构日志: 59ecf44a
// 同步 ID: 537d085f @ Sat Jul 25 19:03:53 UTC 2026
// 同步 ID: e56528d2 @ Sun Jul 26 16:00:36 UTC 2026
// 重构日志: 3419a87a
// 重构日志: 801009cc
// 同步 ID: 3794a728 @ Wed Jul 29 10:41:41 UTC 2026
// 同步 ID: 9edb2bcf @ Wed Jul 29 21:43:40 UTC 2026
